// Jest Snapshot v1, https://goo.gl/fbAQLP

exports[`NotFoundComponent When rendering Then it matches snapshot 1`] = `
DebugElement {
  "nativeNode": <div
    id="root1"
  >
    <shared-message
      class="title--with-subline"
    >
      
      
    </shared-message>
  </div>,
}
`;
